xrun(64): 17.10-s001: (c) Copyright 1995-2017 Cadence Design Systems, Inc.
TOOL:	xrun(64)	17.10-s001: Started on Apr 22, 2026 at 12:57:39 EDT
xrun
	src/mips.v
	src/tb_mips.v
	-top tb_mips
file: src/tb_mips.v
            check_regfile();
                          |
xmvlog: *W,TMTPAR (src/tb_mips.v,78|26): A task enable with no arguments must not include an empty set of parentheses [10.2.2 (IEEE Std 1364-2005)].  The compiler has ignored the parentheses.  Use 'xmhelp xmvlog TMTPAR'  for further information.
            finish_test();
                        |
xmvlog: *W,TMTPAR (src/tb_mips.v,79|24): A task enable with no arguments must not include an empty set of parentheses [10.2.2 (IEEE Std 1364-2005)].  The compiler has ignored the parentheses.  Use 'xmhelp xmvlog TMTPAR'  for further information.
        finish_test();
                    |
xmvlog: *W,TMTPAR (src/tb_mips.v,88|20): A task enable with no arguments must not include an empty set of parentheses [10.2.2 (IEEE Std 1364-2005)].  The compiler has ignored the parentheses.  Use 'xmhelp xmvlog TMTPAR'  for further information.
	module worklib.tb_mips:v
		errors: 0, warnings: 3
	Elaborating the design hierarchy:
		Caching library 'worklib' ....... Done
	Top level design units:
		tb_mips
	Building instance overlay tables: .................... Done
	Generating native compiled code:
		worklib.ram:v <0x7014fdbe>
			streams:   3, words:  3955
		worklib.zerodetect:v <0x0d08797a>
			streams:   1, words:   149
		worklib.alu:v <0x13a9547c>
			streams:   4, words:  1153
		worklib.mux4:v <0x5da6a563>
			streams:   1, words:   369
		worklib.mux4:v <0x1b749007>
			streams:   1, words:   431
		worklib.mux2:v <0x01eca071>
			streams:   1, words:   208
		worklib.flop:v <0x22cdfa00>
			streams:   2, words:   316
		worklib.flop:v <0x43a33ead>
			streams:   1, words:   186
		worklib.flopenr:v <0x228deab5>
			streams:   2, words:   555
		worklib.flopen:v <0x599ad731>
			streams:   3, words:   896
		worklib.mux23:v <0x56dd8023>
			streams:   1, words:   322
		worklib.alucontrol:v <0x6da4575f>
			streams:   1, words:   870
		worklib.controller:v <0x63923f01>
			streams:   4, words: 10013
		worklib.tb_mips:v <0x5a6d7ad2>
			streams:  10, words: 18102
		worklib.datapath:v <0x30905dc1>
			streams:   5, words:   897
		worklib.regfile:v <0x68f9592d>
			streams:   4, words:  1567
	Building instance specific data structures.
	Loading native compiled code:     .................... Done
	Design hierarchy summary:
		                  Instances  Unique
		Modules:                 24      15
		Registers:               41      34
		Scalar wires:            12       -
		Expanded wires:          36       5
		Vectored wires:          27       -
		Always blocks:           22      15
		Initial blocks:           9       6
		Cont. assignments:       14      12
		Pseudo assignments:       3       3
		Simulation timescale:  10ps
	Writing initial simulation snapshot: worklib.tb_mips:v
Loading snapshot worklib.tb_mips:v .................... Done
xcelium> source /apps/vlsi_2018/cadence/XCELIUM1710/tools/xcelium/files/xmsimrc
xcelium> run
RAM: Initialized to zero.
xmsim: *W,RMEMNOF: $readmem error: open failed on file "ram.dat".
            File: ./src/ram.v, line = 24, pos = 36
           Scope: tb_mips.mem
            Time: 0 FS + 0

RAM: Loaded ram.dat
RAM: Contents:
  [0] = 00000000  (0x00)
  [1] = 00000000  (0x00)
  [2] = 00000000  (0x00)
  [3] = 00000000  (0x00)
  [4] = 00000000  (0x00)
  [5] = 00000000  (0x00)
  [6] = 00000000  (0x00)
  [7] = 00000000  (0x00)
  [8] = 00000000  (0x00)
  [9] = 00000000  (0x00)
  [10] = 00000000  (0x00)
  [11] = 00000000  (0x00)
  [12] = 00000000  (0x00)
  [13] = 00000000  (0x00)
  [14] = 00000000  (0x00)
  [15] = 00000000  (0x00)
  [16] = 00000000  (0x00)
  [17] = 00000000  (0x00)
  [18] = 00000000  (0x00)
  [19] = 00000000  (0x00)
  [20] = 00000000  (0x00)
  [21] = 00000000  (0x00)
  [22] = 00000000  (0x00)
  [23] = 00000000  (0x00)
  [24] = 00000000  (0x00)
  [25] = 00000000  (0x00)
  [26] = 00000000  (0x00)
  [27] = 00000000  (0x00)
  [28] = 00000000  (0x00)
  [29] = 00000000  (0x00)
  [30] = 00000000  (0x00)
  [31] = 00000000  (0x00)
xmsim: *W,DVEXACC: some objects excluded from $dumpvars due to access restrictions, use +access+r on command line for access to all objects.
            File: ./src/tb_mips.v, line = 94, pos = 16
           Scope: tb_mips
            Time: 0 FS + 0


=== Tiny MIPS Self-Checking Testbench ===
Reset released at time 1600
[cyc 1 t=2500] PC_adr=0 MemR=1 MemW=0 WD=0 IR=00000000 state(implicit)
[cyc 2 t=3500] PC_adr=1 MemR=1 MemW=0 WD=0 IR=00000000 state(implicit)
[cyc 3 t=4500] PC_adr=2 MemR=1 MemW=0 WD=0 IR=00000000 state(implicit)
[cyc 4 t=5500] PC_adr=3 MemR=1 MemW=0 WD=0 IR=00000000 state(implicit)
[cyc 5 t=6500] PC_adr=4 MemR=0 MemW=0 WD=0 IR=00000000 state(implicit)
[cyc 6 t=7500] PC_adr=4 MemR=0 MemW=0 WD=0 IR=00000000 state(implicit)
[cyc 7 t=8500] PC_adr=4 MemR=0 MemW=0 WD=0 IR=00000000 state(implicit)
[cyc 8 t=9500] PC_adr=4 MemR=1 MemW=0 WD=0 IR=00000000 state(implicit)
[cyc 9 t=10500] PC_adr=5 MemR=1 MemW=0 WD=0 IR=00000000 state(implicit)
[cyc 10 t=11500] PC_adr=6 MemR=1 MemW=0 WD=0 IR=00000000 state(implicit)
[cyc 11 t=12500] PC_adr=7 MemR=1 MemW=0 WD=0 IR=00000000 state(implicit)
[cyc 12 t=13500] PC_adr=8 MemR=0 MemW=0 WD=0 IR=00000000 state(implicit)
[cyc 13 t=14500] PC_adr=8 MemR=0 MemW=0 WD=0 IR=00000000 state(implicit)
[cyc 14 t=15500] PC_adr=8 MemR=0 MemW=0 WD=0 IR=00000000 state(implicit)
[cyc 15 t=16500] PC_adr=8 MemR=1 MemW=0 WD=0 IR=00000000 state(implicit)
[cyc 16 t=17500] PC_adr=9 MemR=1 MemW=0 WD=0 IR=00000000 state(implicit)
[cyc 17 t=18500] PC_adr=10 MemR=1 MemW=0 WD=0 IR=00000000 state(implicit)
[cyc 18 t=19500] PC_adr=11 MemR=1 MemW=0 WD=0 IR=00000000 state(implicit)
[cyc 19 t=20500] PC_adr=12 MemR=0 MemW=0 WD=0 IR=00000000 state(implicit)
[cyc 20 t=21500] PC_adr=12 MemR=0 MemW=0 WD=0 IR=00000000 state(implicit)
[cyc 21 t=22500] PC_adr=12 MemR=0 MemW=0 WD=0 IR=00000000 state(implicit)
[cyc 22 t=23500] PC_adr=12 MemR=1 MemW=0 WD=0 IR=00000000 state(implicit)
[cyc 23 t=24500] PC_adr=13 MemR=1 MemW=0 WD=0 IR=00000000 state(implicit)
[cyc 24 t=25500] PC_adr=14 MemR=1 MemW=0 WD=0 IR=00000000 state(implicit)
[cyc 25 t=26500] PC_adr=15 MemR=1 MemW=0 WD=0 IR=00000000 state(implicit)
[cyc 26 t=27500] PC_adr=16 MemR=0 MemW=0 WD=0 IR=00000000 state(implicit)
[cyc 27 t=28500] PC_adr=16 MemR=0 MemW=0 WD=0 IR=00000000 state(implicit)
[cyc 28 t=29500] PC_adr=16 MemR=0 MemW=0 WD=0 IR=00000000 state(implicit)
[cyc 29 t=30500] PC_adr=16 MemR=1 MemW=0 WD=0 IR=00000000 state(implicit)
[cyc 30 t=31500] PC_adr=17 MemR=1 MemW=0 WD=0 IR=00000000 state(implicit)
[cyc 31 t=32500] PC_adr=18 MemR=1 MemW=0 WD=0 IR=00000000 state(implicit)
[cyc 32 t=33500] PC_adr=19 MemR=1 MemW=0 WD=0 IR=00000000 state(implicit)
[cyc 33 t=34500] PC_adr=20 MemR=0 MemW=0 WD=0 IR=00000000 state(implicit)
[cyc 34 t=35500] PC_adr=20 MemR=0 MemW=0 WD=0 IR=00000000 state(implicit)
[cyc 35 t=36500] PC_adr=20 MemR=0 MemW=0 WD=0 IR=00000000 state(implicit)
[cyc 36 t=37500] PC_adr=20 MemR=1 MemW=0 WD=0 IR=00000000 state(implicit)
[cyc 37 t=38500] PC_adr=21 MemR=1 MemW=0 WD=0 IR=00000000 state(implicit)
[cyc 38 t=39500] PC_adr=22 MemR=1 MemW=0 WD=0 IR=00000000 state(implicit)
[cyc 39 t=40500] PC_adr=23 MemR=1 MemW=0 WD=0 IR=00000000 state(implicit)
[cyc 40 t=41500] PC_adr=24 MemR=0 MemW=0 WD=0 IR=00000000 state(implicit)
[cyc 41 t=42500] PC_adr=24 MemR=0 MemW=0 WD=0 IR=00000000 state(implicit)
[cyc 42 t=43500] PC_adr=24 MemR=0 MemW=0 WD=0 IR=00000000 state(implicit)
[cyc 43 t=44500] PC_adr=24 MemR=1 MemW=0 WD=0 IR=00000000 state(implicit)
[cyc 44 t=45500] PC_adr=25 MemR=1 MemW=0 WD=0 IR=00000000 state(implicit)
[cyc 45 t=46500] PC_adr=26 MemR=1 MemW=0 WD=0 IR=00000000 state(implicit)
[cyc 46 t=47500] PC_adr=27 MemR=1 MemW=0 WD=0 IR=00000000 state(implicit)
[cyc 47 t=48500] PC_adr=28 MemR=0 MemW=0 WD=0 IR=00000000 state(implicit)
[cyc 48 t=49500] PC_adr=28 MemR=0 MemW=0 WD=0 IR=00000000 state(implicit)
[cyc 49 t=50500] PC_adr=28 MemR=0 MemW=0 WD=0 IR=00000000 state(implicit)
[cyc 50 t=51500] PC_adr=28 MemR=1 MemW=0 WD=0 IR=00000000 state(implicit)
[cyc 51 t=52500] PC_adr=29 MemR=1 MemW=0 WD=0 IR=00000000 state(implicit)
[cyc 52 t=53500] PC_adr=30 MemR=1 MemW=0 WD=0 IR=00000000 state(implicit)
[cyc 53 t=54500] PC_adr=31 MemR=1 MemW=0 WD=0 IR=00000000 state(implicit)
[cyc 54 t=55500] PC_adr=32 MemR=0 MemW=0 WD=0 IR=00000000 state(implicit)
[cyc 55 t=56500] PC_adr=32 MemR=0 MemW=0 WD=0 IR=00000000 state(implicit)
[cyc 56 t=57500] PC_adr=32 MemR=0 MemW=0 WD=0 IR=00000000 state(implicit)
[cyc 57 t=58500] PC_adr=32 MemR=1 MemW=0 WD=0 IR=00000000 state(implicit)
[cyc 58 t=59500] PC_adr=33 MemR=1 MemW=0 WD=0 IR=00000000 state(implicit)
[cyc 59 t=60500] PC_adr=34 MemR=1 MemW=0 WD=0 IR=00000000 state(implicit)
[cyc 60 t=61500] PC_adr=35 MemR=1 MemW=0 WD=0 IR=00000000 state(implicit)
[cyc 61 t=62500] PC_adr=36 MemR=0 MemW=0 WD=0 IR=00000000 state(implicit)
[cyc 62 t=63500] PC_adr=36 MemR=0 MemW=0 WD=0 IR=00000000 state(implicit)
[cyc 63 t=64500] PC_adr=36 MemR=0 MemW=0 WD=0 IR=00000000 state(implicit)
[cyc 64 t=65500] PC_adr=36 MemR=1 MemW=0 WD=0 IR=00000000 state(implicit)
[cyc 65 t=66500] PC_adr=37 MemR=1 MemW=0 WD=0 IR=00000000 state(implicit)
[cyc 66 t=67500] PC_adr=38 MemR=1 MemW=0 WD=0 IR=00000000 state(implicit)
[cyc 67 t=68500] PC_adr=39 MemR=1 MemW=0 WD=0 IR=00000000 state(implicit)
[cyc 68 t=69500] PC_adr=40 MemR=0 MemW=0 WD=0 IR=00000000 state(implicit)
[cyc 69 t=70500] PC_adr=40 MemR=0 MemW=0 WD=0 IR=00000000 state(implicit)
[cyc 70 t=71500] PC_adr=40 MemR=0 MemW=0 WD=0 IR=00000000 state(implicit)
[cyc 71 t=72500] PC_adr=40 MemR=1 MemW=0 WD=0 IR=00000000 state(implicit)
[cyc 72 t=73500] PC_adr=41 MemR=1 MemW=0 WD=0 IR=00000000 state(implicit)
[cyc 73 t=74500] PC_adr=42 MemR=1 MemW=0 WD=0 IR=00000000 state(implicit)
[cyc 74 t=75500] PC_adr=43 MemR=1 MemW=0 WD=0 IR=00000000 state(implicit)
[cyc 75 t=76500] PC_adr=44 MemR=0 MemW=0 WD=0 IR=00000000 state(implicit)
[cyc 76 t=77500] PC_adr=44 MemR=0 MemW=0 WD=0 IR=00000000 state(implicit)
[cyc 77 t=78500] PC_adr=44 MemR=0 MemW=0 WD=0 IR=00000000 state(implicit)
[cyc 78 t=79500] PC_adr=44 MemR=1 MemW=0 WD=0 IR=00000000 state(implicit)
[cyc 79 t=80500] PC_adr=45 MemR=1 MemW=0 WD=0 IR=00000000 state(implicit)
[cyc 80 t=81500] PC_adr=46 MemR=1 MemW=0 WD=0 IR=00000000 state(implicit)
[cyc 81 t=82500] PC_adr=47 MemR=1 MemW=0 WD=0 IR=00000000 state(implicit)
[cyc 82 t=83500] PC_adr=48 MemR=0 MemW=0 WD=0 IR=00000000 state(implicit)
[cyc 83 t=84500] PC_adr=48 MemR=0 MemW=0 WD=0 IR=00000000 state(implicit)
[cyc 84 t=85500] PC_adr=48 MemR=0 MemW=0 WD=0 IR=00000000 state(implicit)
[cyc 85 t=86500] PC_adr=48 MemR=1 MemW=0 WD=0 IR=00000000 state(implicit)
[cyc 86 t=87500] PC_adr=49 MemR=1 MemW=0 WD=0 IR=00000000 state(implicit)
[cyc 87 t=88500] PC_adr=50 MemR=1 MemW=0 WD=0 IR=00000000 state(implicit)
[cyc 88 t=89500] PC_adr=51 MemR=1 MemW=0 WD=0 IR=00000000 state(implicit)
[cyc 89 t=90500] PC_adr=52 MemR=0 MemW=0 WD=0 IR=00000000 state(implicit)
[cyc 90 t=91500] PC_adr=52 MemR=0 MemW=0 WD=0 IR=00000000 state(implicit)
[cyc 91 t=92500] PC_adr=52 MemR=0 MemW=0 WD=0 IR=00000000 state(implicit)
[cyc 92 t=93500] PC_adr=52 MemR=1 MemW=0 WD=0 IR=00000000 state(implicit)
[cyc 93 t=94500] PC_adr=53 MemR=1 MemW=0 WD=0 IR=00000000 state(implicit)
[cyc 94 t=95500] PC_adr=54 MemR=1 MemW=0 WD=0 IR=00000000 state(implicit)
[cyc 95 t=96500] PC_adr=55 MemR=1 MemW=0 WD=0 IR=00000000 state(implicit)
[cyc 96 t=97500] PC_adr=56 MemR=0 MemW=0 WD=0 IR=00000000 state(implicit)
[cyc 97 t=98500] PC_adr=56 MemR=0 MemW=0 WD=0 IR=00000000 state(implicit)
[cyc 98 t=99500] PC_adr=56 MemR=0 MemW=0 WD=0 IR=00000000 state(implicit)
[cyc 99 t=100500] PC_adr=56 MemR=1 MemW=0 WD=0 IR=00000000 state(implicit)
[cyc 100 t=101500] PC_adr=57 MemR=1 MemW=0 WD=0 IR=00000000 state(implicit)
[cyc 101 t=102500] PC_adr=58 MemR=1 MemW=0 WD=0 IR=00000000 state(implicit)
[cyc 102 t=103500] PC_adr=59 MemR=1 MemW=0 WD=0 IR=00000000 state(implicit)
[cyc 103 t=104500] PC_adr=60 MemR=0 MemW=0 WD=0 IR=00000000 state(implicit)
[cyc 104 t=105500] PC_adr=60 MemR=0 MemW=0 WD=0 IR=00000000 state(implicit)
[cyc 105 t=106500] PC_adr=60 MemR=0 MemW=0 WD=0 IR=00000000 state(implicit)
[cyc 106 t=107500] PC_adr=60 MemR=1 MemW=0 WD=0 IR=00000000 state(implicit)
[cyc 107 t=108500] PC_adr=61 MemR=1 MemW=0 WD=0 IR=00000000 state(implicit)
[cyc 108 t=109500] PC_adr=62 MemR=1 MemW=0 WD=0 IR=00000000 state(implicit)
[cyc 109 t=110500] PC_adr=63 MemR=1 MemW=0 WD=0 IR=00000000 state(implicit)
[cyc 110 t=111500] PC_adr=64 MemR=0 MemW=0 WD=0 IR=00000000 state(implicit)
[cyc 111 t=112500] PC_adr=64 MemR=0 MemW=0 WD=0 IR=00000000 state(implicit)
[cyc 112 t=113500] PC_adr=64 MemR=0 MemW=0 WD=0 IR=00000000 state(implicit)
[cyc 113 t=114500] PC_adr=64 MemR=1 MemW=0 WD=0 IR=00000000 state(implicit)
[cyc 114 t=115500] PC_adr=65 MemR=1 MemW=0 WD=0 IR=00000000 state(implicit)
[cyc 115 t=116500] PC_adr=66 MemR=1 MemW=0 WD=0 IR=00000000 state(implicit)
[cyc 116 t=117500] PC_adr=67 MemR=1 MemW=0 WD=0 IR=00000000 state(implicit)
[cyc 117 t=118500] PC_adr=68 MemR=0 MemW=0 WD=0 IR=00000000 state(implicit)
[cyc 118 t=119500] PC_adr=68 MemR=0 MemW=0 WD=0 IR=00000000 state(implicit)
[cyc 119 t=120500] PC_adr=68 MemR=0 MemW=0 WD=0 IR=00000000 state(implicit)
[cyc 120 t=121500] PC_adr=68 MemR=1 MemW=0 WD=0 IR=00000000 state(implicit)
[cyc 121 t=122500] PC_adr=69 MemR=1 MemW=0 WD=0 IR=00000000 state(implicit)
[cyc 122 t=123500] PC_adr=70 MemR=1 MemW=0 WD=0 IR=00000000 state(implicit)
[cyc 123 t=124500] PC_adr=71 MemR=1 MemW=0 WD=0 IR=00000000 state(implicit)
[cyc 124 t=125500] PC_adr=72 MemR=0 MemW=0 WD=0 IR=00000000 state(implicit)
[cyc 125 t=126500] PC_adr=72 MemR=0 MemW=0 WD=0 IR=00000000 state(implicit)
[cyc 126 t=127500] PC_adr=72 MemR=0 MemW=0 WD=0 IR=00000000 state(implicit)
[cyc 127 t=128500] PC_adr=72 MemR=1 MemW=0 WD=0 IR=00000000 state(implicit)
[cyc 128 t=129500] PC_adr=73 MemR=1 MemW=0 WD=0 IR=00000000 state(implicit)
[cyc 129 t=130500] PC_adr=74 MemR=1 MemW=0 WD=0 IR=00000000 state(implicit)
[cyc 130 t=131500] PC_adr=75 MemR=1 MemW=0 WD=0 IR=00000000 state(implicit)
[cyc 131 t=132500] PC_adr=76 MemR=0 MemW=0 WD=0 IR=00000000 state(implicit)
[cyc 132 t=133500] PC_adr=76 MemR=0 MemW=0 WD=0 IR=00000000 state(implicit)
[cyc 133 t=134500] PC_adr=76 MemR=0 MemW=0 WD=0 IR=00000000 state(implicit)
[cyc 134 t=135500] PC_adr=76 MemR=1 MemW=0 WD=0 IR=00000000 state(implicit)
[cyc 135 t=136500] PC_adr=77 MemR=1 MemW=0 WD=0 IR=00000000 state(implicit)
[cyc 136 t=137500] PC_adr=78 MemR=1 MemW=0 WD=0 IR=00000000 state(implicit)
[cyc 137 t=138500] PC_adr=79 MemR=1 MemW=0 WD=0 IR=00000000 state(implicit)
[cyc 138 t=139500] PC_adr=80 MemR=0 MemW=0 WD=0 IR=00000000 state(implicit)
[cyc 139 t=140500] PC_adr=80 MemR=0 MemW=0 WD=0 IR=00000000 state(implicit)
[cyc 140 t=141500] PC_adr=80 MemR=0 MemW=0 WD=0 IR=00000000 state(implicit)
[cyc 141 t=142500] PC_adr=80 MemR=1 MemW=0 WD=0 IR=00000000 state(implicit)
[cyc 142 t=143500] PC_adr=81 MemR=1 MemW=0 WD=0 IR=00000000 state(implicit)
[cyc 143 t=144500] PC_adr=82 MemR=1 MemW=0 WD=0 IR=00000000 state(implicit)
[cyc 144 t=145500] PC_adr=83 MemR=1 MemW=0 WD=0 IR=00000000 state(implicit)
[cyc 145 t=146500] PC_adr=84 MemR=0 MemW=0 WD=0 IR=00000000 state(implicit)
[cyc 146 t=147500] PC_adr=84 MemR=0 MemW=0 WD=0 IR=00000000 state(implicit)
[cyc 147 t=148500] PC_adr=84 MemR=0 MemW=0 WD=0 IR=00000000 state(implicit)
[cyc 148 t=149500] PC_adr=84 MemR=1 MemW=0 WD=0 IR=00000000 state(implicit)
[cyc 149 t=150500] PC_adr=85 MemR=1 MemW=0 WD=0 IR=00000000 state(implicit)
[cyc 150 t=151500] PC_adr=86 MemR=1 MemW=0 WD=0 IR=00000000 state(implicit)
[cyc 151 t=152500] PC_adr=87 MemR=1 MemW=0 WD=0 IR=00000000 state(implicit)
[cyc 152 t=153500] PC_adr=88 MemR=0 MemW=0 WD=0 IR=00000000 state(implicit)
[cyc 153 t=154500] PC_adr=88 MemR=0 MemW=0 WD=0 IR=00000000 state(implicit)
[cyc 154 t=155500] PC_adr=88 MemR=0 MemW=0 WD=0 IR=00000000 state(implicit)
[cyc 155 t=156500] PC_adr=88 MemR=1 MemW=0 WD=0 IR=00000000 state(implicit)
[cyc 156 t=157500] PC_adr=89 MemR=1 MemW=0 WD=0 IR=00000000 state(implicit)
[cyc 157 t=158500] PC_adr=90 MemR=1 MemW=0 WD=0 IR=00000000 state(implicit)
[cyc 158 t=159500] PC_adr=91 MemR=1 MemW=0 WD=0 IR=00000000 state(implicit)
[cyc 159 t=160500] PC_adr=92 MemR=0 MemW=0 WD=0 IR=00000000 state(implicit)
[cyc 160 t=161500] PC_adr=92 MemR=0 MemW=0 WD=0 IR=00000000 state(implicit)
[cyc 161 t=162500] PC_adr=92 MemR=0 MemW=0 WD=0 IR=00000000 state(implicit)
[cyc 162 t=163500] PC_adr=92 MemR=1 MemW=0 WD=0 IR=00000000 state(implicit)
[cyc 163 t=164500] PC_adr=93 MemR=1 MemW=0 WD=0 IR=00000000 state(implicit)
[cyc 164 t=165500] PC_adr=94 MemR=1 MemW=0 WD=0 IR=00000000 state(implicit)
[cyc 165 t=166500] PC_adr=95 MemR=1 MemW=0 WD=0 IR=00000000 state(implicit)
[cyc 166 t=167500] PC_adr=96 MemR=0 MemW=0 WD=0 IR=00000000 state(implicit)
[cyc 167 t=168500] PC_adr=96 MemR=0 MemW=0 WD=0 IR=00000000 state(implicit)
[cyc 168 t=169500] PC_adr=96 MemR=0 MemW=0 WD=0 IR=00000000 state(implicit)
[cyc 169 t=170500] PC_adr=96 MemR=1 MemW=0 WD=0 IR=00000000 state(implicit)
[cyc 170 t=171500] PC_adr=97 MemR=1 MemW=0 WD=0 IR=00000000 state(implicit)
[cyc 171 t=172500] PC_adr=98 MemR=1 MemW=0 WD=0 IR=00000000 state(implicit)
[cyc 172 t=173500] PC_adr=99 MemR=1 MemW=0 WD=0 IR=00000000 state(implicit)
[cyc 173 t=174500] PC_adr=100 MemR=0 MemW=0 WD=0 IR=00000000 state(implicit)
[cyc 174 t=175500] PC_adr=100 MemR=0 MemW=0 WD=0 IR=00000000 state(implicit)
[cyc 175 t=176500] PC_adr=100 MemR=0 MemW=0 WD=0 IR=00000000 state(implicit)
[cyc 176 t=177500] PC_adr=100 MemR=1 MemW=0 WD=0 IR=00000000 state(implicit)
[cyc 177 t=178500] PC_adr=101 MemR=1 MemW=0 WD=0 IR=00000000 state(implicit)
[cyc 178 t=179500] PC_adr=102 MemR=1 MemW=0 WD=0 IR=00000000 state(implicit)
[cyc 179 t=180500] PC_adr=103 MemR=1 MemW=0 WD=0 IR=00000000 state(implicit)
[cyc 180 t=181500] PC_adr=104 MemR=0 MemW=0 WD=0 IR=00000000 state(implicit)
[cyc 181 t=182500] PC_adr=104 MemR=0 MemW=0 WD=0 IR=00000000 state(implicit)
[cyc 182 t=183500] PC_adr=104 MemR=0 MemW=0 WD=0 IR=00000000 state(implicit)
[cyc 183 t=184500] PC_adr=104 MemR=1 MemW=0 WD=0 IR=00000000 state(implicit)
[cyc 184 t=185500] PC_adr=105 MemR=1 MemW=0 WD=0 IR=00000000 state(implicit)
[cyc 185 t=186500] PC_adr=106 MemR=1 MemW=0 WD=0 IR=00000000 state(implicit)
[cyc 186 t=187500] PC_adr=107 MemR=1 MemW=0 WD=0 IR=00000000 state(implicit)
[cyc 187 t=188500] PC_adr=108 MemR=0 MemW=0 WD=0 IR=00000000 state(implicit)
[cyc 188 t=189500] PC_adr=108 MemR=0 MemW=0 WD=0 IR=00000000 state(implicit)
[cyc 189 t=190500] PC_adr=108 MemR=0 MemW=0 WD=0 IR=00000000 state(implicit)
[cyc 190 t=191500] PC_adr=108 MemR=1 MemW=0 WD=0 IR=00000000 state(implicit)
[cyc 191 t=192500] PC_adr=109 MemR=1 MemW=0 WD=0 IR=00000000 state(implicit)
[cyc 192 t=193500] PC_adr=110 MemR=1 MemW=0 WD=0 IR=00000000 state(implicit)
[cyc 193 t=194500] PC_adr=111 MemR=1 MemW=0 WD=0 IR=00000000 state(implicit)
[cyc 194 t=195500] PC_adr=112 MemR=0 MemW=0 WD=0 IR=00000000 state(implicit)
[cyc 195 t=196500] PC_adr=112 MemR=0 MemW=0 WD=0 IR=00000000 state(implicit)
[cyc 196 t=197500] PC_adr=112 MemR=0 MemW=0 WD=0 IR=00000000 state(implicit)
[cyc 197 t=198500] PC_adr=112 MemR=1 MemW=0 WD=0 IR=00000000 state(implicit)
[cyc 198 t=199500] PC_adr=113 MemR=1 MemW=0 WD=0 IR=00000000 state(implicit)
[cyc 199 t=200500] PC_adr=114 MemR=1 MemW=0 WD=0 IR=00000000 state(implicit)
[cyc 200 t=201500] PC_adr=115 MemR=1 MemW=0 WD=0 IR=00000000 state(implicit)
[cyc 201 t=202500] PC_adr=116 MemR=0 MemW=0 WD=0 IR=00000000 state(implicit)
[cyc 202 t=203500] PC_adr=116 MemR=0 MemW=0 WD=0 IR=00000000 state(implicit)
[cyc 203 t=204500] PC_adr=116 MemR=0 MemW=0 WD=0 IR=00000000 state(implicit)
[cyc 204 t=205500] PC_adr=116 MemR=1 MemW=0 WD=0 IR=00000000 state(implicit)
[cyc 205 t=206500] PC_adr=117 MemR=1 MemW=0 WD=0 IR=00000000 state(implicit)
[cyc 206 t=207500] PC_adr=118 MemR=1 MemW=0 WD=0 IR=00000000 state(implicit)
[cyc 207 t=208500] PC_adr=119 MemR=1 MemW=0 WD=0 IR=00000000 state(implicit)
[cyc 208 t=209500] PC_adr=120 MemR=0 MemW=0 WD=0 IR=00000000 state(implicit)
[cyc 209 t=210500] PC_adr=120 MemR=0 MemW=0 WD=0 IR=00000000 state(implicit)
[cyc 210 t=211500] PC_adr=120 MemR=0 MemW=0 WD=0 IR=00000000 state(implicit)
[cyc 211 t=212500] PC_adr=120 MemR=1 MemW=0 WD=0 IR=00000000 state(implicit)
[cyc 212 t=213500] PC_adr=121 MemR=1 MemW=0 WD=0 IR=00000000 state(implicit)
[cyc 213 t=214500] PC_adr=122 MemR=1 MemW=0 WD=0 IR=00000000 state(implicit)
[cyc 214 t=215500] PC_adr=123 MemR=1 MemW=0 WD=0 IR=00000000 state(implicit)
[cyc 215 t=216500] PC_adr=124 MemR=0 MemW=0 WD=0 IR=00000000 state(implicit)
[cyc 216 t=217500] PC_adr=124 MemR=0 MemW=0 WD=0 IR=00000000 state(implicit)
[cyc 217 t=218500] PC_adr=124 MemR=0 MemW=0 WD=0 IR=00000000 state(implicit)
[cyc 218 t=219500] PC_adr=124 MemR=1 MemW=0 WD=0 IR=00000000 state(implicit)
[cyc 219 t=220500] PC_adr=125 MemR=1 MemW=0 WD=0 IR=00000000 state(implicit)
[cyc 220 t=221500] PC_adr=126 MemR=1 MemW=0 WD=0 IR=00000000 state(implicit)
[cyc 221 t=222500] PC_adr=127 MemR=1 MemW=0 WD=0 IR=00000000 state(implicit)
[cyc 222 t=223500] PC_adr=128 MemR=0 MemW=0 WD=0 IR=00000000 state(implicit)
[cyc 223 t=224500] PC_adr=128 MemR=0 MemW=0 WD=0 IR=00000000 state(implicit)
[cyc 224 t=225500] PC_adr=128 MemR=0 MemW=0 WD=0 IR=00000000 state(implicit)
[cyc 225 t=226500] PC_adr=128 MemR=1 MemW=0 WD=0 IR=00000000 state(implicit)
[cyc 226 t=227500] PC_adr=129 MemR=1 MemW=0 WD=0 IR=00000000 state(implicit)
[cyc 227 t=228500] PC_adr=130 MemR=1 MemW=0 WD=0 IR=00000000 state(implicit)
[cyc 228 t=229500] PC_adr=131 MemR=1 MemW=0 WD=0 IR=00000000 state(implicit)
[cyc 229 t=230500] PC_adr=132 MemR=0 MemW=0 WD=0 IR=00000000 state(implicit)
[cyc 230 t=231500] PC_adr=132 MemR=0 MemW=0 WD=0 IR=00000000 state(implicit)
[cyc 231 t=232500] PC_adr=132 MemR=0 MemW=0 WD=0 IR=00000000 state(implicit)
[cyc 232 t=233500] PC_adr=132 MemR=1 MemW=0 WD=0 IR=00000000 state(implicit)
[cyc 233 t=234500] PC_adr=133 MemR=1 MemW=0 WD=0 IR=00000000 state(implicit)
[cyc 234 t=235500] PC_adr=134 MemR=1 MemW=0 WD=0 IR=00000000 state(implicit)
[cyc 235 t=236500] PC_adr=135 MemR=1 MemW=0 WD=0 IR=00000000 state(implicit)
[cyc 236 t=237500] PC_adr=136 MemR=0 MemW=0 WD=0 IR=00000000 state(implicit)
[cyc 237 t=238500] PC_adr=136 MemR=0 MemW=0 WD=0 IR=00000000 state(implicit)
[cyc 238 t=239500] PC_adr=136 MemR=0 MemW=0 WD=0 IR=00000000 state(implicit)
[cyc 239 t=240500] PC_adr=136 MemR=1 MemW=0 WD=0 IR=00000000 state(implicit)
[cyc 240 t=241500] PC_adr=137 MemR=1 MemW=0 WD=0 IR=00000000 state(implicit)
[cyc 241 t=242500] PC_adr=138 MemR=1 MemW=0 WD=0 IR=00000000 state(implicit)
[cyc 242 t=243500] PC_adr=139 MemR=1 MemW=0 WD=0 IR=00000000 state(implicit)
[cyc 243 t=244500] PC_adr=140 MemR=0 MemW=0 WD=0 IR=00000000 state(implicit)
[cyc 244 t=245500] PC_adr=140 MemR=0 MemW=0 WD=0 IR=00000000 state(implicit)
[cyc 245 t=246500] PC_adr=140 MemR=0 MemW=0 WD=0 IR=00000000 state(implicit)
[cyc 246 t=247500] PC_adr=140 MemR=1 MemW=0 WD=0 IR=00000000 state(implicit)
[cyc 247 t=248500] PC_adr=141 MemR=1 MemW=0 WD=0 IR=00000000 state(implicit)
[cyc 248 t=249500] PC_adr=142 MemR=1 MemW=0 WD=0 IR=00000000 state(implicit)
[cyc 249 t=250500] PC_adr=143 MemR=1 MemW=0 WD=0 IR=00000000 state(implicit)
[cyc 250 t=251500] PC_adr=144 MemR=0 MemW=0 WD=0 IR=00000000 state(implicit)
[cyc 251 t=252500] PC_adr=144 MemR=0 MemW=0 WD=0 IR=00000000 state(implicit)
[cyc 252 t=253500] PC_adr=144 MemR=0 MemW=0 WD=0 IR=00000000 state(implicit)
[cyc 253 t=254500] PC_adr=144 MemR=1 MemW=0 WD=0 IR=00000000 state(implicit)
[cyc 254 t=255500] PC_adr=145 MemR=1 MemW=0 WD=0 IR=00000000 state(implicit)
[cyc 255 t=256500] PC_adr=146 MemR=1 MemW=0 WD=0 IR=00000000 state(implicit)
[cyc 256 t=257500] PC_adr=147 MemR=1 MemW=0 WD=0 IR=00000000 state(implicit)
[cyc 257 t=258500] PC_adr=148 MemR=0 MemW=0 WD=0 IR=00000000 state(implicit)
[cyc 258 t=259500] PC_adr=148 MemR=0 MemW=0 WD=0 IR=00000000 state(implicit)
[cyc 259 t=260500] PC_adr=148 MemR=0 MemW=0 WD=0 IR=00000000 state(implicit)
[cyc 260 t=261500] PC_adr=148 MemR=1 MemW=0 WD=0 IR=00000000 state(implicit)
[cyc 261 t=262500] PC_adr=149 MemR=1 MemW=0 WD=0 IR=00000000 state(implicit)
[cyc 262 t=263500] PC_adr=150 MemR=1 MemW=0 WD=0 IR=00000000 state(implicit)
[cyc 263 t=264500] PC_adr=151 MemR=1 MemW=0 WD=0 IR=00000000 state(implicit)
[cyc 264 t=265500] PC_adr=152 MemR=0 MemW=0 WD=0 IR=00000000 state(implicit)
[cyc 265 t=266500] PC_adr=152 MemR=0 MemW=0 WD=0 IR=00000000 state(implicit)
[cyc 266 t=267500] PC_adr=152 MemR=0 MemW=0 WD=0 IR=00000000 state(implicit)
[cyc 267 t=268500] PC_adr=152 MemR=1 MemW=0 WD=0 IR=00000000 state(implicit)
[cyc 268 t=269500] PC_adr=153 MemR=1 MemW=0 WD=0 IR=00000000 state(implicit)
[cyc 269 t=270500] PC_adr=154 MemR=1 MemW=0 WD=0 IR=00000000 state(implicit)
[cyc 270 t=271500] PC_adr=155 MemR=1 MemW=0 WD=0 IR=00000000 state(implicit)
[cyc 271 t=272500] PC_adr=156 MemR=0 MemW=0 WD=0 IR=00000000 state(implicit)
[cyc 272 t=273500] PC_adr=156 MemR=0 MemW=0 WD=0 IR=00000000 state(implicit)
[cyc 273 t=274500] PC_adr=156 MemR=0 MemW=0 WD=0 IR=00000000 state(implicit)
[cyc 274 t=275500] PC_adr=156 MemR=1 MemW=0 WD=0 IR=00000000 state(implicit)
[cyc 275 t=276500] PC_adr=157 MemR=1 MemW=0 WD=0 IR=00000000 state(implicit)
[cyc 276 t=277500] PC_adr=158 MemR=1 MemW=0 WD=0 IR=00000000 state(implicit)
[cyc 277 t=278500] PC_adr=159 MemR=1 MemW=0 WD=0 IR=00000000 state(implicit)
[cyc 278 t=279500] PC_adr=160 MemR=0 MemW=0 WD=0 IR=00000000 state(implicit)
[cyc 279 t=280500] PC_adr=160 MemR=0 MemW=0 WD=0 IR=00000000 state(implicit)
[cyc 280 t=281500] PC_adr=160 MemR=0 MemW=0 WD=0 IR=00000000 state(implicit)
[cyc 281 t=282500] PC_adr=160 MemR=1 MemW=0 WD=0 IR=00000000 state(implicit)
[cyc 282 t=283500] PC_adr=161 MemR=1 MemW=0 WD=0 IR=00000000 state(implicit)
[cyc 283 t=284500] PC_adr=162 MemR=1 MemW=0 WD=0 IR=00000000 state(implicit)
[cyc 284 t=285500] PC_adr=163 MemR=1 MemW=0 WD=0 IR=00000000 state(implicit)
[cyc 285 t=286500] PC_adr=164 MemR=0 MemW=0 WD=0 IR=00000000 state(implicit)
[cyc 286 t=287500] PC_adr=164 MemR=0 MemW=0 WD=0 IR=00000000 state(implicit)
[cyc 287 t=288500] PC_adr=164 MemR=0 MemW=0 WD=0 IR=00000000 state(implicit)
[cyc 288 t=289500] PC_adr=164 MemR=1 MemW=0 WD=0 IR=00000000 state(implicit)
[cyc 289 t=290500] PC_adr=165 MemR=1 MemW=0 WD=0 IR=00000000 state(implicit)
[cyc 290 t=291500] PC_adr=166 MemR=1 MemW=0 WD=0 IR=00000000 state(implicit)
[cyc 291 t=292500] PC_adr=167 MemR=1 MemW=0 WD=0 IR=00000000 state(implicit)
[cyc 292 t=293500] PC_adr=168 MemR=0 MemW=0 WD=0 IR=00000000 state(implicit)
[cyc 293 t=294500] PC_adr=168 MemR=0 MemW=0 WD=0 IR=00000000 state(implicit)
[cyc 294 t=295500] PC_adr=168 MemR=0 MemW=0 WD=0 IR=00000000 state(implicit)
[cyc 295 t=296500] PC_adr=168 MemR=1 MemW=0 WD=0 IR=00000000 state(implicit)
[cyc 296 t=297500] PC_adr=169 MemR=1 MemW=0 WD=0 IR=00000000 state(implicit)
[cyc 297 t=298500] PC_adr=170 MemR=1 MemW=0 WD=0 IR=00000000 state(implicit)
[cyc 298 t=299500] PC_adr=171 MemR=1 MemW=0 WD=0 IR=00000000 state(implicit)
[cyc 299 t=300500] PC_adr=172 MemR=0 MemW=0 WD=0 IR=00000000 state(implicit)
[cyc 300 t=301500] PC_adr=172 MemR=0 MemW=0 WD=0 IR=00000000 state(implicit)
[cyc 301 t=302500] PC_adr=172 MemR=0 MemW=0 WD=0 IR=00000000 state(implicit)
[cyc 302 t=303500] PC_adr=172 MemR=1 MemW=0 WD=0 IR=00000000 state(implicit)
[cyc 303 t=304500] PC_adr=173 MemR=1 MemW=0 WD=0 IR=00000000 state(implicit)
[cyc 304 t=305500] PC_adr=174 MemR=1 MemW=0 WD=0 IR=00000000 state(implicit)
[cyc 305 t=306500] PC_adr=175 MemR=1 MemW=0 WD=0 IR=00000000 state(implicit)
[cyc 306 t=307500] PC_adr=176 MemR=0 MemW=0 WD=0 IR=00000000 state(implicit)
[cyc 307 t=308500] PC_adr=176 MemR=0 MemW=0 WD=0 IR=00000000 state(implicit)
[cyc 308 t=309500] PC_adr=176 MemR=0 MemW=0 WD=0 IR=00000000 state(implicit)
[cyc 309 t=310500] PC_adr=176 MemR=1 MemW=0 WD=0 IR=00000000 state(implicit)
[cyc 310 t=311500] PC_adr=177 MemR=1 MemW=0 WD=0 IR=00000000 state(implicit)
[cyc 311 t=312500] PC_adr=178 MemR=1 MemW=0 WD=0 IR=00000000 state(implicit)
[cyc 312 t=313500] PC_adr=179 MemR=1 MemW=0 WD=0 IR=00000000 state(implicit)
[cyc 313 t=314500] PC_adr=180 MemR=0 MemW=0 WD=0 IR=00000000 state(implicit)
[cyc 314 t=315500] PC_adr=180 MemR=0 MemW=0 WD=0 IR=00000000 state(implicit)
[cyc 315 t=316500] PC_adr=180 MemR=0 MemW=0 WD=0 IR=00000000 state(implicit)
[cyc 316 t=317500] PC_adr=180 MemR=1 MemW=0 WD=0 IR=00000000 state(implicit)
[cyc 317 t=318500] PC_adr=181 MemR=1 MemW=0 WD=0 IR=00000000 state(implicit)
[cyc 318 t=319500] PC_adr=182 MemR=1 MemW=0 WD=0 IR=00000000 state(implicit)
[cyc 319 t=320500] PC_adr=183 MemR=1 MemW=0 WD=0 IR=00000000 state(implicit)
[cyc 320 t=321500] PC_adr=184 MemR=0 MemW=0 WD=0 IR=00000000 state(implicit)
[cyc 321 t=322500] PC_adr=184 MemR=0 MemW=0 WD=0 IR=00000000 state(implicit)
[cyc 322 t=323500] PC_adr=184 MemR=0 MemW=0 WD=0 IR=00000000 state(implicit)
[cyc 323 t=324500] PC_adr=184 MemR=1 MemW=0 WD=0 IR=00000000 state(implicit)
[cyc 324 t=325500] PC_adr=185 MemR=1 MemW=0 WD=0 IR=00000000 state(implicit)
[cyc 325 t=326500] PC_adr=186 MemR=1 MemW=0 WD=0 IR=00000000 state(implicit)
[cyc 326 t=327500] PC_adr=187 MemR=1 MemW=0 WD=0 IR=00000000 state(implicit)
[cyc 327 t=328500] PC_adr=188 MemR=0 MemW=0 WD=0 IR=00000000 state(implicit)
[cyc 328 t=329500] PC_adr=188 MemR=0 MemW=0 WD=0 IR=00000000 state(implicit)
[cyc 329 t=330500] PC_adr=188 MemR=0 MemW=0 WD=0 IR=00000000 state(implicit)
[cyc 330 t=331500] PC_adr=188 MemR=1 MemW=0 WD=0 IR=00000000 state(implicit)
[cyc 331 t=332500] PC_adr=189 MemR=1 MemW=0 WD=0 IR=00000000 state(implicit)
[cyc 332 t=333500] PC_adr=190 MemR=1 MemW=0 WD=0 IR=00000000 state(implicit)
[cyc 333 t=334500] PC_adr=191 MemR=1 MemW=0 WD=0 IR=00000000 state(implicit)
[cyc 334 t=335500] PC_adr=192 MemR=0 MemW=0 WD=0 IR=00000000 state(implicit)
[cyc 335 t=336500] PC_adr=192 MemR=0 MemW=0 WD=0 IR=00000000 state(implicit)
[cyc 336 t=337500] PC_adr=192 MemR=0 MemW=0 WD=0 IR=00000000 state(implicit)
[cyc 337 t=338500] PC_adr=192 MemR=1 MemW=0 WD=0 IR=00000000 state(implicit)
[cyc 338 t=339500] PC_adr=193 MemR=1 MemW=0 WD=0 IR=00000000 state(implicit)
[cyc 339 t=340500] PC_adr=194 MemR=1 MemW=0 WD=0 IR=00000000 state(implicit)
[cyc 340 t=341500] PC_adr=195 MemR=1 MemW=0 WD=0 IR=00000000 state(implicit)
[cyc 341 t=342500] PC_adr=196 MemR=0 MemW=0 WD=0 IR=00000000 state(implicit)
[cyc 342 t=343500] PC_adr=196 MemR=0 MemW=0 WD=0 IR=00000000 state(implicit)
[cyc 343 t=344500] PC_adr=196 MemR=0 MemW=0 WD=0 IR=00000000 state(implicit)
[cyc 344 t=345500] PC_adr=196 MemR=1 MemW=0 WD=0 IR=00000000 state(implicit)
[cyc 345 t=346500] PC_adr=197 MemR=1 MemW=0 WD=0 IR=00000000 state(implicit)
[cyc 346 t=347500] PC_adr=198 MemR=1 MemW=0 WD=0 IR=00000000 state(implicit)
[cyc 347 t=348500] PC_adr=199 MemR=1 MemW=0 WD=0 IR=00000000 state(implicit)
[cyc 348 t=349500] PC_adr=200 MemR=0 MemW=0 WD=0 IR=00000000 state(implicit)
[cyc 349 t=350500] PC_adr=200 MemR=0 MemW=0 WD=0 IR=00000000 state(implicit)
[cyc 350 t=351500] PC_adr=200 MemR=0 MemW=0 WD=0 IR=00000000 state(implicit)
[cyc 351 t=352500] PC_adr=200 MemR=1 MemW=0 WD=0 IR=00000000 state(implicit)
[cyc 352 t=353500] PC_adr=201 MemR=1 MemW=0 WD=0 IR=00000000 state(implicit)
[cyc 353 t=354500] PC_adr=202 MemR=1 MemW=0 WD=0 IR=00000000 state(implicit)
[cyc 354 t=355500] PC_adr=203 MemR=1 MemW=0 WD=0 IR=00000000 state(implicit)
[cyc 355 t=356500] PC_adr=204 MemR=0 MemW=0 WD=0 IR=00000000 state(implicit)
[cyc 356 t=357500] PC_adr=204 MemR=0 MemW=0 WD=0 IR=00000000 state(implicit)
[cyc 357 t=358500] PC_adr=204 MemR=0 MemW=0 WD=0 IR=00000000 state(implicit)
[cyc 358 t=359500] PC_adr=204 MemR=1 MemW=0 WD=0 IR=00000000 state(implicit)
[cyc 359 t=360500] PC_adr=205 MemR=1 MemW=0 WD=0 IR=00000000 state(implicit)
[cyc 360 t=361500] PC_adr=206 MemR=1 MemW=0 WD=0 IR=00000000 state(implicit)
[cyc 361 t=362500] PC_adr=207 MemR=1 MemW=0 WD=0 IR=00000000 state(implicit)
[cyc 362 t=363500] PC_adr=208 MemR=0 MemW=0 WD=0 IR=00000000 state(implicit)
[cyc 363 t=364500] PC_adr=208 MemR=0 MemW=0 WD=0 IR=00000000 state(implicit)
[cyc 364 t=365500] PC_adr=208 MemR=0 MemW=0 WD=0 IR=00000000 state(implicit)
[cyc 365 t=366500] PC_adr=208 MemR=1 MemW=0 WD=0 IR=00000000 state(implicit)
[cyc 366 t=367500] PC_adr=209 MemR=1 MemW=0 WD=0 IR=00000000 state(implicit)
[cyc 367 t=368500] PC_adr=210 MemR=1 MemW=0 WD=0 IR=00000000 state(implicit)
[cyc 368 t=369500] PC_adr=211 MemR=1 MemW=0 WD=0 IR=00000000 state(implicit)
[cyc 369 t=370500] PC_adr=212 MemR=0 MemW=0 WD=0 IR=00000000 state(implicit)
[cyc 370 t=371500] PC_adr=212 MemR=0 MemW=0 WD=0 IR=00000000 state(implicit)
[cyc 371 t=372500] PC_adr=212 MemR=0 MemW=0 WD=0 IR=00000000 state(implicit)
[cyc 372 t=373500] PC_adr=212 MemR=1 MemW=0 WD=0 IR=00000000 state(implicit)
[cyc 373 t=374500] PC_adr=213 MemR=1 MemW=0 WD=0 IR=00000000 state(implicit)
[cyc 374 t=375500] PC_adr=214 MemR=1 MemW=0 WD=0 IR=00000000 state(implicit)
[cyc 375 t=376500] PC_adr=215 MemR=1 MemW=0 WD=0 IR=00000000 state(implicit)
[cyc 376 t=377500] PC_adr=216 MemR=0 MemW=0 WD=0 IR=00000000 state(implicit)
[cyc 377 t=378500] PC_adr=216 MemR=0 MemW=0 WD=0 IR=00000000 state(implicit)
[cyc 378 t=379500] PC_adr=216 MemR=0 MemW=0 WD=0 IR=00000000 state(implicit)
[cyc 379 t=380500] PC_adr=216 MemR=1 MemW=0 WD=0 IR=00000000 state(implicit)
[cyc 380 t=381500] PC_adr=217 MemR=1 MemW=0 WD=0 IR=00000000 state(implicit)
[cyc 381 t=382500] PC_adr=218 MemR=1 MemW=0 WD=0 IR=00000000 state(implicit)
[cyc 382 t=383500] PC_adr=219 MemR=1 MemW=0 WD=0 IR=00000000 state(implicit)
[cyc 383 t=384500] PC_adr=220 MemR=0 MemW=0 WD=0 IR=00000000 state(implicit)
[cyc 384 t=385500] PC_adr=220 MemR=0 MemW=0 WD=0 IR=00000000 state(implicit)
[cyc 385 t=386500] PC_adr=220 MemR=0 MemW=0 WD=0 IR=00000000 state(implicit)
[cyc 386 t=387500] PC_adr=220 MemR=1 MemW=0 WD=0 IR=00000000 state(implicit)
[cyc 387 t=388500] PC_adr=221 MemR=1 MemW=0 WD=0 IR=00000000 state(implicit)
[cyc 388 t=389500] PC_adr=222 MemR=1 MemW=0 WD=0 IR=00000000 state(implicit)
[cyc 389 t=390500] PC_adr=223 MemR=1 MemW=0 WD=0 IR=00000000 state(implicit)
[cyc 390 t=391500] PC_adr=224 MemR=0 MemW=0 WD=0 IR=00000000 state(implicit)
[cyc 391 t=392500] PC_adr=224 MemR=0 MemW=0 WD=0 IR=00000000 state(implicit)
[cyc 392 t=393500] PC_adr=224 MemR=0 MemW=0 WD=0 IR=00000000 state(implicit)
[cyc 393 t=394500] PC_adr=224 MemR=1 MemW=0 WD=0 IR=00000000 state(implicit)
[cyc 394 t=395500] PC_adr=225 MemR=1 MemW=0 WD=0 IR=00000000 state(implicit)
[cyc 395 t=396500] PC_adr=226 MemR=1 MemW=0 WD=0 IR=00000000 state(implicit)
[cyc 396 t=397500] PC_adr=227 MemR=1 MemW=0 WD=0 IR=00000000 state(implicit)
[cyc 397 t=398500] PC_adr=228 MemR=0 MemW=0 WD=0 IR=00000000 state(implicit)
[cyc 398 t=399500] PC_adr=228 MemR=0 MemW=0 WD=0 IR=00000000 state(implicit)
[cyc 399 t=400500] PC_adr=228 MemR=0 MemW=0 WD=0 IR=00000000 state(implicit)
[cyc 400 t=401500] PC_adr=228 MemR=1 MemW=0 WD=0 IR=00000000 state(implicit)
[cyc 401 t=402500] PC_adr=229 MemR=1 MemW=0 WD=0 IR=00000000 state(implicit)
[cyc 402 t=403500] PC_adr=230 MemR=1 MemW=0 WD=0 IR=00000000 state(implicit)
[cyc 403 t=404500] PC_adr=231 MemR=1 MemW=0 WD=0 IR=00000000 state(implicit)
[cyc 404 t=405500] PC_adr=232 MemR=0 MemW=0 WD=0 IR=00000000 state(implicit)
[cyc 405 t=406500] PC_adr=232 MemR=0 MemW=0 WD=0 IR=00000000 state(implicit)
[cyc 406 t=407500] PC_adr=232 MemR=0 MemW=0 WD=0 IR=00000000 state(implicit)
[cyc 407 t=408500] PC_adr=232 MemR=1 MemW=0 WD=0 IR=00000000 state(implicit)
[cyc 408 t=409500] PC_adr=233 MemR=1 MemW=0 WD=0 IR=00000000 state(implicit)
[cyc 409 t=410500] PC_adr=234 MemR=1 MemW=0 WD=0 IR=00000000 state(implicit)
[cyc 410 t=411500] PC_adr=235 MemR=1 MemW=0 WD=0 IR=00000000 state(implicit)
[cyc 411 t=412500] PC_adr=236 MemR=0 MemW=0 WD=0 IR=00000000 state(implicit)
[cyc 412 t=413500] PC_adr=236 MemR=0 MemW=0 WD=0 IR=00000000 state(implicit)
[cyc 413 t=414500] PC_adr=236 MemR=0 MemW=0 WD=0 IR=00000000 state(implicit)
[cyc 414 t=415500] PC_adr=236 MemR=1 MemW=0 WD=0 IR=00000000 state(implicit)
[cyc 415 t=416500] PC_adr=237 MemR=1 MemW=0 WD=0 IR=00000000 state(implicit)
[cyc 416 t=417500] PC_adr=238 MemR=1 MemW=0 WD=0 IR=00000000 state(implicit)
[cyc 417 t=418500] PC_adr=239 MemR=1 MemW=0 WD=0 IR=00000000 state(implicit)
[cyc 418 t=419500] PC_adr=240 MemR=0 MemW=0 WD=0 IR=00000000 state(implicit)
[cyc 419 t=420500] PC_adr=240 MemR=0 MemW=0 WD=0 IR=00000000 state(implicit)
[cyc 420 t=421500] PC_adr=240 MemR=0 MemW=0 WD=0 IR=00000000 state(implicit)
[cyc 421 t=422500] PC_adr=240 MemR=1 MemW=0 WD=0 IR=00000000 state(implicit)
[cyc 422 t=423500] PC_adr=241 MemR=1 MemW=0 WD=0 IR=00000000 state(implicit)
[cyc 423 t=424500] PC_adr=242 MemR=1 MemW=0 WD=0 IR=00000000 state(implicit)
[cyc 424 t=425500] PC_adr=243 MemR=1 MemW=0 WD=0 IR=00000000 state(implicit)
[cyc 425 t=426500] PC_adr=244 MemR=0 MemW=0 WD=0 IR=00000000 state(implicit)
[cyc 426 t=427500] PC_adr=244 MemR=0 MemW=0 WD=0 IR=00000000 state(implicit)
[cyc 427 t=428500] PC_adr=244 MemR=0 MemW=0 WD=0 IR=00000000 state(implicit)
[cyc 428 t=429500] PC_adr=244 MemR=1 MemW=0 WD=0 IR=00000000 state(implicit)
[cyc 429 t=430500] PC_adr=245 MemR=1 MemW=0 WD=0 IR=00000000 state(implicit)
[cyc 430 t=431500] PC_adr=246 MemR=1 MemW=0 WD=0 IR=00000000 state(implicit)
[cyc 431 t=432500] PC_adr=247 MemR=1 MemW=0 WD=0 IR=00000000 state(implicit)
[cyc 432 t=433500] PC_adr=248 MemR=0 MemW=0 WD=0 IR=00000000 state(implicit)
[cyc 433 t=434500] PC_adr=248 MemR=0 MemW=0 WD=0 IR=00000000 state(implicit)
[cyc 434 t=435500] PC_adr=248 MemR=0 MemW=0 WD=0 IR=00000000 state(implicit)
[cyc 435 t=436500] PC_adr=248 MemR=1 MemW=0 WD=0 IR=00000000 state(implicit)
[cyc 436 t=437500] PC_adr=249 MemR=1 MemW=0 WD=0 IR=00000000 state(implicit)
[cyc 437 t=438500] PC_adr=250 MemR=1 MemW=0 WD=0 IR=00000000 state(implicit)
[cyc 438 t=439500] PC_adr=251 MemR=1 MemW=0 WD=0 IR=00000000 state(implicit)
[cyc 439 t=440500] PC_adr=252 MemR=0 MemW=0 WD=0 IR=00000000 state(implicit)
[cyc 440 t=441500] PC_adr=252 MemR=0 MemW=0 WD=0 IR=00000000 state(implicit)
[cyc 441 t=442500] PC_adr=252 MemR=0 MemW=0 WD=0 IR=00000000 state(implicit)
[cyc 442 t=443500] PC_adr=252 MemR=1 MemW=0 WD=0 IR=00000000 state(implicit)
[cyc 443 t=444500] PC_adr=253 MemR=1 MemW=0 WD=0 IR=00000000 state(implicit)
[cyc 444 t=445500] PC_adr=254 MemR=1 MemW=0 WD=0 IR=00000000 state(implicit)
[cyc 445 t=446500] PC_adr=255 MemR=1 MemW=0 WD=0 IR=00000000 state(implicit)
[cyc 446 t=447500] PC_adr=0 MemR=0 MemW=0 WD=0 IR=00000000 state(implicit)
[cyc 447 t=448500] PC_adr=0 MemR=0 MemW=0 WD=0 IR=00000000 state(implicit)
[cyc 448 t=449500] PC_adr=0 MemR=0 MemW=0 WD=0 IR=00000000 state(implicit)
[cyc 449 t=450500] PC_adr=0 MemR=1 MemW=0 WD=0 IR=00000000 state(implicit)
[cyc 450 t=451500] PC_adr=1 MemR=1 MemW=0 WD=0 IR=00000000 state(implicit)
[cyc 451 t=452500] PC_adr=2 MemR=1 MemW=0 WD=0 IR=00000000 state(implicit)
[cyc 452 t=453500] PC_adr=3 MemR=1 MemW=0 WD=0 IR=00000000 state(implicit)
[cyc 453 t=454500] PC_adr=4 MemR=0 MemW=0 WD=0 IR=00000000 state(implicit)
[cyc 454 t=455500] PC_adr=4 MemR=0 MemW=0 WD=0 IR=00000000 state(implicit)
[cyc 455 t=456500] PC_adr=4 MemR=0 MemW=0 WD=0 IR=00000000 state(implicit)
[cyc 456 t=457500] PC_adr=4 MemR=1 MemW=0 WD=0 IR=00000000 state(implicit)
[cyc 457 t=458500] PC_adr=5 MemR=1 MemW=0 WD=0 IR=00000000 state(implicit)
[cyc 458 t=459500] PC_adr=6 MemR=1 MemW=0 WD=0 IR=00000000 state(implicit)
[cyc 459 t=460500] PC_adr=7 MemR=1 MemW=0 WD=0 IR=00000000 state(implicit)
[cyc 460 t=461500] PC_adr=8 MemR=0 MemW=0 WD=0 IR=00000000 state(implicit)
[cyc 461 t=462500] PC_adr=8 MemR=0 MemW=0 WD=0 IR=00000000 state(implicit)
[cyc 462 t=463500] PC_adr=8 MemR=0 MemW=0 WD=0 IR=00000000 state(implicit)
[cyc 463 t=464500] PC_adr=8 MemR=1 MemW=0 WD=0 IR=00000000 state(implicit)
[cyc 464 t=465500] PC_adr=9 MemR=1 MemW=0 WD=0 IR=00000000 state(implicit)
[cyc 465 t=466500] PC_adr=10 MemR=1 MemW=0 WD=0 IR=00000000 state(implicit)
[cyc 466 t=467500] PC_adr=11 MemR=1 MemW=0 WD=0 IR=00000000 state(implicit)
[cyc 467 t=468500] PC_adr=12 MemR=0 MemW=0 WD=0 IR=00000000 state(implicit)
[cyc 468 t=469500] PC_adr=12 MemR=0 MemW=0 WD=0 IR=00000000 state(implicit)
[cyc 469 t=470500] PC_adr=12 MemR=0 MemW=0 WD=0 IR=00000000 state(implicit)
[cyc 470 t=471500] PC_adr=12 MemR=1 MemW=0 WD=0 IR=00000000 state(implicit)
[cyc 471 t=472500] PC_adr=13 MemR=1 MemW=0 WD=0 IR=00000000 state(implicit)
[cyc 472 t=473500] PC_adr=14 MemR=1 MemW=0 WD=0 IR=00000000 state(implicit)
[cyc 473 t=474500] PC_adr=15 MemR=1 MemW=0 WD=0 IR=00000000 state(implicit)
[cyc 474 t=475500] PC_adr=16 MemR=0 MemW=0 WD=0 IR=00000000 state(implicit)
[cyc 475 t=476500] PC_adr=16 MemR=0 MemW=0 WD=0 IR=00000000 state(implicit)
[cyc 476 t=477500] PC_adr=16 MemR=0 MemW=0 WD=0 IR=00000000 state(implicit)
[cyc 477 t=478500] PC_adr=16 MemR=1 MemW=0 WD=0 IR=00000000 state(implicit)
[cyc 478 t=479500] PC_adr=17 MemR=1 MemW=0 WD=0 IR=00000000 state(implicit)
[cyc 479 t=480500] PC_adr=18 MemR=1 MemW=0 WD=0 IR=00000000 state(implicit)
[cyc 480 t=481500] PC_adr=19 MemR=1 MemW=0 WD=0 IR=00000000 state(implicit)
[cyc 481 t=482500] PC_adr=20 MemR=0 MemW=0 WD=0 IR=00000000 state(implicit)
[cyc 482 t=483500] PC_adr=20 MemR=0 MemW=0 WD=0 IR=00000000 state(implicit)
[cyc 483 t=484500] PC_adr=20 MemR=0 MemW=0 WD=0 IR=00000000 state(implicit)
[cyc 484 t=485500] PC_adr=20 MemR=1 MemW=0 WD=0 IR=00000000 state(implicit)
[cyc 485 t=486500] PC_adr=21 MemR=1 MemW=0 WD=0 IR=00000000 state(implicit)
[cyc 486 t=487500] PC_adr=22 MemR=1 MemW=0 WD=0 IR=00000000 state(implicit)
[cyc 487 t=488500] PC_adr=23 MemR=1 MemW=0 WD=0 IR=00000000 state(implicit)
[cyc 488 t=489500] PC_adr=24 MemR=0 MemW=0 WD=0 IR=00000000 state(implicit)
[cyc 489 t=490500] PC_adr=24 MemR=0 MemW=0 WD=0 IR=00000000 state(implicit)
[cyc 490 t=491500] PC_adr=24 MemR=0 MemW=0 WD=0 IR=00000000 state(implicit)
[cyc 491 t=492500] PC_adr=24 MemR=1 MemW=0 WD=0 IR=00000000 state(implicit)
[cyc 492 t=493500] PC_adr=25 MemR=1 MemW=0 WD=0 IR=00000000 state(implicit)
[cyc 493 t=494500] PC_adr=26 MemR=1 MemW=0 WD=0 IR=00000000 state(implicit)
[cyc 494 t=495500] PC_adr=27 MemR=1 MemW=0 WD=0 IR=00000000 state(implicit)
[cyc 495 t=496500] PC_adr=28 MemR=0 MemW=0 WD=0 IR=00000000 state(implicit)
[cyc 496 t=497500] PC_adr=28 MemR=0 MemW=0 WD=0 IR=00000000 state(implicit)
[cyc 497 t=498500] PC_adr=28 MemR=0 MemW=0 WD=0 IR=00000000 state(implicit)
[cyc 498 t=499500] PC_adr=28 MemR=1 MemW=0 WD=0 IR=00000000 state(implicit)
TIMEOUT: simulation ran 498 cycles without completing.

=== SIMULATION COMPLETE ===
1 TEST(S) FAILED
Simulation complete via $finish(1) at time 5 US + 0
./src/tb_mips.v:132             $finish;
xcelium> exit
TOOL:	xrun(64)	17.10-s001: Exiting on Apr 22, 2026 at 12:57:40 EDT  (total: 00:00:01)
