Depth  Name                    #Inst  Area (um^2) 
--------------------------------------------------
0      mips                    612    166176.0    
1      dp_ir1_q_reg_7_         0      0.0         
1      dp_rf_REGS_reg_4__3_    0      0.0         
1      dp_wrd_q_reg_1_         0      0.0         
1      dp_rf_REGS_reg_6__4_    0      0.0         
1      dp_ir3_q_reg_7_         0      0.0         
1      dp_rf_REGS_reg_6__7_    0      0.0         
1      dp_rf_REGS_reg_5__5_    0      0.0         
1      dp_mdr_q_reg_2_         0      0.0         
1      dp_pcreg_q_reg_5_       0      0.0         
1      dp_rf_REGS_reg_5__3_    0      0.0         
1      dp_rf_REGS_reg_6__1_    0      0.0         
1      dp_areg_q_reg_0_        0      0.0         
1      dp_rf_REGS_reg_4__4_    0      0.0         
1      dp_areg_q_reg_6_        0      0.0         
1      dp_ir0_q_reg_4_         0      0.0         
1      dp_res_q_reg_0_         0      0.0         
1      dp_rf_REGS_reg_5__0_    0      0.0         
1      dp_rf_REGS_reg_3__6_    0      0.0         
1      dp_rf_REGS_reg_3__2_    0      0.0         
1      dp_ir3_q_reg_2_         0      0.0         
1      dp_ir2_q_reg_4_         0      0.0         
1      dp_pcreg_q_reg_6_       0      0.0         
1      dp_rf_REGS_reg_7__2_    0      0.0         
1      dp_mdr_q_reg_1_         0      0.0         
1      dp_rf_REGS_reg_2__1_    0      0.0         
1      dp_ir1_q_reg_5_         0      0.0         
1      dp_res_q_reg_4_         0      0.0         
1      dp_ir3_q_reg_5_         0      0.0         
1      dp_res_q_reg_7_         0      0.0         
1      dp_rf_REGS_reg_1__3_    0      0.0         
1      dp_rf_REGS_reg_3__7_    0      0.0         
1      dp_rf_REGS_reg_7__3_    0      0.0         
1      dp_areg_q_reg_2_        0      0.0         
1      dp_rf_REGS_reg_2__5_    0      0.0         
1      dp_rf_REGS_reg_1__0_    0      0.0         
1      dp_mdr_q_reg_5_         0      0.0         
1      dp_rf_REGS_reg_1__6_    0      0.0         
1      dp_ir0_q_reg_2_         0      0.0         
1      dp_rf_REGS_reg_5__6_    0      0.0         
1      dp_rf_REGS_reg_1__4_    0      0.0         
1      dp_ir3_q_reg_0_         0      0.0         
1      dp_wrd_q_reg_5_         0      0.0         
1      dp_pcreg_q_reg_2_       0      0.0         
1      dp_wrd_q_reg_2_         0      0.0         
1      dp_rf_REGS_reg_4__1_    0      0.0         
1      dp_ir1_q_reg_1_         0      0.0         
1      dp_rf_REGS_reg_6__6_    0      0.0         
1      dp_rf_REGS_reg_4__2_    0      0.0         
1      dp_areg_q_reg_3_        0      0.0         
1      dp_ir3_q_reg_3_         0      0.0         
1      dp_mdr_q_reg_0_         0      0.0         
1      dp_rf_REGS_reg_3__3_    0      0.0         
1      dp_areg_q_reg_1_        0      0.0         
1      dp_rf_REGS_reg_1__7_    0      0.0         
1      dp_ir2_q_reg_3_         0      0.0         
1      dp_rf_REGS_reg_5__7_    0      0.0         
1      dp_rf_REGS_reg_4__5_    0      0.0         
1      dp_mdr_q_reg_3_         0      0.0         
1      dp_rf_REGS_reg_3__0_    0      0.0         
1      dp_res_q_reg_5_         0      0.0         
1      dp_rf_REGS_reg_5__1_    0      0.0         
1      dp_pcreg_q_reg_1_       0      0.0         
1      dp_rf_REGS_reg_3__4_    0      0.0         
1      dp_pcreg_q_reg_7_       0      0.0         
1      dp_ir0_q_reg_5_         0      0.0         
1      dp_rf_REGS_reg_7__0_    0      0.0         
1      dp_rf_REGS_reg_4__0_    0      0.0         
1      dp_rf_REGS_reg_2__2_    0      0.0         
1      dp_ir2_q_reg_5_         0      0.0         
1      dp_res_q_reg_6_         0      0.0         
1      dp_rf_REGS_reg_6__2_    0      0.0         
1      dp_ir1_q_reg_6_         0      0.0         
1      dp_rf_REGS_reg_1__1_    0      0.0         
1      dp_rf_REGS_reg_7__4_    0      0.0         
1      dp_ir3_q_reg_6_         0      0.0         
1      dp_rf_REGS_reg_7__7_    0      0.0         
1      dp_wrd_q_reg_3_         0      0.0         
1      dp_rf_REGS_reg_6__5_    0      0.0         
1      dp_rf_REGS_reg_2__7_    0      0.0         
1      dp_areg_q_reg_4_        0      0.0         
1      dp_rf_REGS_reg_6__3_    0      0.0         
1      dp_pcreg_q_reg_3_       0      0.0         
1      dp_rf_REGS_reg_7__1_    0      0.0         
1      dp_rf_REGS_reg_1__5_    0      0.0         
1      dp_wrd_q_reg_0_         0      0.0         
1      dp_mdr_q_reg_6_         0      0.0         
1      dp_wrd_q_reg_6_         0      0.0         
1      dp_ir0_q_reg_3_         0      0.0         
1      dp_pcreg_q_reg_0_       0      0.0         
1      dp_rf_REGS_reg_4__6_    0      0.0         
1      dp_wrd_q_reg_4_         0      0.0         
1      dp_ir3_q_reg_1_         0      0.0         
1      dp_areg_q_reg_5_        0      0.0         
1      dp_res_q_reg_2_         0      0.0         
1      dp_rf_REGS_reg_3__1_    0      0.0         
1      dp_ir1_q_reg_2_         0      0.0         
1      dp_pcreg_q_reg_4_       0      0.0         
1      dp_ir3_q_reg_4_         0      0.0         
1      dp_areg_q_reg_7_        0      0.0         
1      dp_rf_REGS_reg_2__3_    0      0.0         
1      dp_wrd_q_reg_7_         0      0.0         
1      dp_rf_REGS_reg_4__7_    0      0.0         
1      dp_res_q_reg_3_         0      0.0         
1      dp_rf_REGS_reg_3__5_    0      0.0         
1      dp_rf_REGS_reg_2__0_    0      0.0         
1      dp_mdr_q_reg_4_         0      0.0         
1      dp_mdr_q_reg_7_         0      0.0         
1      dp_rf_REGS_reg_7__5_    0      0.0         
1      dp_rf_REGS_reg_2__6_    0      0.0         
1      dp_res_q_reg_1_         0      0.0         
1      dp_ir0_q_reg_7_         0      0.0         
1      dp_rf_REGS_reg_2__4_    0      0.0         
1      dp_rf_REGS_reg_5__4_    0      0.0         
1      dp_ir0_q_reg_6_         0      0.0         
1      dp_rf_REGS_reg_6__0_    0      0.0         
1      dp_rf_REGS_reg_1__2_    0      0.0         
1      dp_ir1_q_reg_0_         0      0.0         
1      dp_rf_REGS_reg_7__6_    0      0.0         
1      dp_rf_REGS_reg_5__2_    0      0.0         
