 
****************************************
Report : area
Design : mips
Version: O-2018.06-SP1
Date   : Fri Apr 24 10:49:33 2026
****************************************

Library(s) Used:

    osu05_stdcells (File: /apps/design_kits/osu_stdcells_v2p7/synopsys/lib/ami05/osu05_stdcells.db)

Number of ports:                           31
Number of nets:                           741
Number of cells:                          724
Number of combinational cells:            600
Number of sequential cells:               124
Number of macros/black boxes:               0
Number of buf/inv:                        116
Number of references:                      15

Combinational area:             141417.000000
Buf/Inv area:                    17280.000000
Noncombinational area:          109152.000000
Macro/Black Box area:                0.000000
Net Interconnect area:      undefined  (No wire load specified)

Total cell area:                250569.000000
Total area:                 undefined
1
